Godot Engine v4.5.stable.official.876b29033 - https://godotengine.org
Vulkan 1.4.354 - Forward Mobile - Using Device #0: Qualcomm - Turnip Adreno (TM) 740
[1;31mERROR:[0;91m FSR2 is only available when using the Forward+ renderer.
[0;90m   at: viewport_set_scaling_3d_mode (servers/rendering/renderer_viewport.cpp:980)[0m
[1;33mWARNING:[0;93m Screen-space ambient occlusion (SSAO) can only be enabled when using the Forward+ renderer.
[0;90m     at: environment_set_ssao (servers/rendering/storage/environment_storage.cpp:586)[0m
[0;90m     GDScript backtrace (most recent call first):
         [0] apply_graphics_settings (res://menu/settings.gd:91)
         [1] _ready (res://level/level.gd:20)
         [2] change_scene_to_packed (res://main/main.gd:41)
         [3] _ready (res://main/main.gd:16)[0m
[1;33mWARNING:[0;93m Volumetric fog can only be enabled when using the Forward+ renderer.
[0;90m     at: environment_set_volumetric_fog (servers/rendering/storage/environment_storage.cpp:344)[0m
[0;90m     GDScript backtrace (most recent call first):
         [0] apply_graphics_settings (res://menu/settings.gd:107)
         [1] _ready (res://level/level.gd:20)
         [2] change_scene_to_packed (res://main/main.gd:41)
         [3] _ready (res://main/main.gd:16)[0m
BENCHMARK_READY renderer=mobile driver=vulkan size=1280x720 window=1280x720 seed=20261002 warmup_sec=8.0 measure_sec=20.0
BENCHMARK_MEASURE_START
BENCHMARK_DONE {"driver":"vulkan","frames":451,"gi":1,"height":1080,"max_ms":71.657,"min_ms":27.06,"p50_ms":43.479,"p95_ms":55.592,"render_height":1080,"render_width":1920,"renderer":"mobile","scale":1.0,"seed":20261002,"width":1920,"window_height":1080,"window_width":1920}
